F                                                                        [100%]
=================================== FAILURES ===================================
________________ test_utf8_source_line_preserved_under_c_locale ________________

tmp_path = PosixPath('/private/var/folders/1j/l08d1p2s6ls9235bnggg20rc0000gn/T/pytest-of-minhkha/pytest-422/test_utf8_source_line_preserve0')

    def test_utf8_source_line_preserved_under_c_locale(tmp_path):
        module_path = tmp_path / "utf8mod3.py"
        module_path.write_bytes(MODULE_SOURCE.encode("utf-8"))

        script_path = tmp_path / "run_snoop.py"
        script_path.write_bytes(CHILD_SCRIPT.encode("utf-8"))

        env = dict(os.environ)
        env["LC_ALL"] = "C"
        env["PYTHONUTF8"] = "0"
        env["PYTHONCOERCECLOCALE"] = "0"

        completed = subprocess.run(
            [sys.executable, str(script_path), str(tmp_path)],
            stdout=subprocess.PIPE,
            stderr=subprocess.PIPE,
            env=env,
            timeout=30.0,
        )

>       assert completed.returncode == 0, completed.stderr.decode("utf-8", "replace")
E       AssertionError: Traceback (most recent call last):
E           File "/private/var/folders/1j/l08d1p2s6ls9235bnggg20rc0000gn/T/pytest-of-minhkha/pytest-422/test_utf8_source_line_preserve0/run_snoop.py", line 13, in <module>
E             decorated()
E           File "/Users/minhkha/SidePrj/katalon/poc/workspace/harness-pysnooper-buggy/PySnooper/pysnooper/tracer.py", line 215, in simple_wrapper
E             return function(*args, **kwargs)
E           File "/private/var/folders/1j/l08d1p2s6ls9235bnggg20rc0000gn/T/pytest-of-minhkha/pytest-422/test_utf8_source_line_preserve0/utf8mod3.py", line 2, in greet
E             message = "h\xe9llo"
E           File "/private/var/folders/1j/l08d1p2s6ls9235bnggg20rc0000gn/T/pytest-of-minhkha/pytest-422/test_utf8_source_line_preserve0/utf8mod3.py", line 2, in greet
E             message = "h\xe9llo"
E           File "/Users/minhkha/SidePrj/katalon/poc/workspace/harness-pysnooper-buggy/PySnooper/pysnooper/tracer.py", line 375, in trace
E             self.write(u'{indent}{now_string} {thread_info}{event:9} '
E           File "/Users/minhkha/SidePrj/katalon/poc/workspace/harness-pysnooper-buggy/PySnooper/pysnooper/tracer.py", line 242, in write
E             self._write(s)
E           File "/Users/minhkha/SidePrj/katalon/poc/workspace/harness-pysnooper-buggy/PySnooper/pysnooper/tracer.py", line 134, in write
E             output_file.write(s)
E         UnicodeEncodeError: 'ascii' codec can't encode character '\xe9' in position 47: ordinal not in range(128)
E
E       assert 1 == 0
E        +  where 1 = CompletedProcess(args=['/Users/minhkha/SidePrj/katalon/poc/workspace/harness-pysnooper-buggy/PySnooper/env39/bin/pytho...s)\nUnicodeEncodeError: \'ascii\' codec can\'t encode character \'\\xe9\' in position 47: ordinal not in range(128)\n').returncode

_generated_eval_conditional-h05-080bc02016-plan-3.py:61: AssertionError
=========================== short test summary info ============================
FAILED _generated_eval_conditional-h05-080bc02016-plan-3.py::test_utf8_source_line_preserved_under_c_locale
1 failed in 0.05s
