F                                                                        [100%]
=================================== FAILURES ===================================
________________ test_file_output_non_ascii_under_ascii_locale _________________

    def test_file_output_non_ascii_under_ascii_locale():
        env = dict(os.environ)
        env["LC_ALL"] = "C"
        env["PYTHONUTF8"] = "0"
        env["PYTHONCOERCECLOCALE"] = "0"

        completed = subprocess.run(
            [sys.executable, "-c", CHILD_SCRIPT],
            stdout=subprocess.PIPE,
            stderr=subprocess.PIPE,
            env=env,
        )

        stdout_text = completed.stdout.decode("utf-8", "replace")
        stderr_text = completed.stderr.decode("utf-8", "replace")

>       assert completed.returncode == 0, (
            "child process failed with return code {!r}; stderr:\n{}".format(
                completed.returncode, stderr_text
            )
        )
E       AssertionError: child process failed with return code 1; stderr:
E         Traceback (most recent call last):
E           File "<string>", line 21, in <module>
E         UnicodeEncodeError: 'ascii' codec can't encode character '\xe9' in position 148: ordinal not in range(128)
E
E       assert 1 == 0
E        +  where 1 = CompletedProcess(args=['/Users/minhkha/SidePrj/katalon/poc/workspace/harness-pysnooper-fixed/PySnooper/env39/bin/pytho...>\nUnicodeEncodeError: \'ascii\' codec can\'t encode character \'\\xe9\' in position 148: ordinal not in range(128)\n').returncode

_generated_eval_conditional-h04-a9ae48b9d8-plan-1.py:51: AssertionError
=========================== short test summary info ============================
FAILED _generated_eval_conditional-h04-a9ae48b9d8-plan-1.py::test_file_output_non_ascii_under_ascii_locale
1 failed in 0.05s
