F                                                                        [100%]
=================================== FAILURES ===================================
_______ test_snoop_default_stderr_non_ascii_argument_does_not_break_call _______

self = <_generated_eval_conditional-h02-c19fcca1ca-direct.test_snoop_default_stderr_non_ascii_argument_does_not_break_call.<locals>.AsciiOnlyStderr object at 0x102275250>
s = "Starting var:.. value = 'caf\xe9'\\n"

    def write(self, s):
        # Emulate a real text stream with a non-UTF-8 encoding: encoding a
        # non-ASCII character raises UnicodeEncodeError.
>       s.encode(self.encoding)
E       UnicodeEncodeError: 'ascii' codec can't encode character '\xe9' in position 28: ordinal not in range(128)

_generated_eval_conditional-h02-c19fcca1ca-direct.py:24: UnicodeEncodeError

During handling of the above exception, another exception occurred:

monkeypatch = <_pytest.monkeypatch.MonkeyPatch object at 0x102275fa0>

    def test_snoop_default_stderr_non_ascii_argument_does_not_break_call(monkeypatch):
        """A decorated function must still return normally when called with a
        non-ASCII string argument while PySnooper writes to a stderr stream whose
        encoding cannot represent that character.
        """

        class AsciiOnlyStderr(io.TextIOBase):
            encoding = "ascii"

            def __init__(self):
                self._buffer = []

            def write(self, s):
                # Emulate a real text stream with a non-UTF-8 encoding: encoding a
                # non-ASCII character raises UnicodeEncodeError.
                s.encode(self.encoding)
                self._buffer.append(s)
                return len(s)

            def flush(self):
                pass

        fake_stderr = AsciiOnlyStderr()
        monkeypatch.setattr(sys, "stderr", fake_stderr)

        @pysnooper.snoop()
        def echo(value):
            return value

>       result = echo("caf\u00e9")

_generated_eval_conditional-h02-c19fcca1ca-direct.py:38:
_ _ _ _ _ _ _ _ _ _ _ _ _ _ _ _ _ _ _ _ _ _ _ _ _ _ _ _ _ _ _ _ _ _ _ _ _ _ _ _
pysnooper/tracer.py:218: in simple_wrapper
    return function(*args, **kwargs)
_generated_eval_conditional-h02-c19fcca1ca-direct.py:34: in echo
    @pysnooper.snoop()
pysnooper/tracer.py:320: in trace
    self.write('{indent}{newish_string}{name} = {value_repr}'.format(
pysnooper/tracer.py:245: in write
    self._write(s)
pysnooper/tracer.py:116: in write
    stderr.write(utils.shitcode(s))
_ _ _ _ _ _ _ _ _ _ _ _ _ _ _ _ _ _ _ _ _ _ _ _ _ _ _ _ _ _ _ _ _ _ _ _ _ _ _ _

self = <_generated_eval_conditional-h02-c19fcca1ca-direct.test_snoop_default_stderr_non_ascii_argument_does_not_break_call.<locals>.AsciiOnlyStderr object at 0x102275250>
s = "Starting var:.. value = 'caf\xe9'\\n"

    def write(self, s):
        # Emulate a real text stream with a non-UTF-8 encoding: encoding a
        # non-ASCII character raises UnicodeEncodeError.
>       s.encode(self.encoding)
E       UnicodeEncodeError: 'ascii' codec can't encode character '\xe9' in position 28: ordinal not in range(128)

_generated_eval_conditional-h02-c19fcca1ca-direct.py:24: UnicodeEncodeError
=============================== warnings summary ===============================
pysnooper/variables.py:3
pysnooper/variables.py:3
  /Users/minhkha/SidePrj/katalon/poc/workspace/harness-pysnooper-fixed/PySnooper/pysnooper/variables.py:3: DeprecationWarning: Using or importing the ABCs from 'collections' instead of from 'collections.abc' is deprecated since Python 3.3, and in 3.10 it will stop working
    from collections import Mapping, Sequence

-- Docs: https://docs.pytest.org/en/stable/how-to/capture-warnings.html
=========================== short test summary info ============================
FAILED _generated_eval_conditional-h02-c19fcca1ca-direct.py::test_snoop_default_stderr_non_ascii_argument_does_not_break_call
1 failed, 2 warnings in 0.03s
