F                                                                        [100%]
=================================== FAILURES ===================================
________________ test_file_output_non_ascii_under_ascii_locale _________________

tmp_path = PosixPath('/private/var/folders/1j/l08d1p2s6ls9235bnggg20rc0000gn/T/pytest-of-minhkha/pytest-410/test_file_output_non_ascii_und0')

    def test_file_output_non_ascii_under_ascii_locale(tmp_path):
        """Trace output to a path must be written even when the trace contains
        non-ASCII characters and the process default text encoding is ASCII.

        The decorated function must also return its correct value.
        """
        out_path = tmp_path / "trace.log"
        script = tmp_path / "run_snoop.py"
        script.write_text(
            textwrap.dedent(
                """
                import pysnooper

                @pysnooper.snoop({path!r})
                def f():
                    value = 'caf\u00e9'
                    return 42

                result = f()
                assert result == 42, result
                """
            ).format(path=str(out_path)),
            encoding="utf-8",
        )

        env = dict(os.environ)
        env["LC_ALL"] = "C"
        env["LANG"] = "C"
        env["PYTHONUTF8"] = "0"
        env["PYTHONIOENCODING"] = "ascii"

        proc = subprocess.run(
            [sys.executable, str(script)],
            env=env,
            stdout=subprocess.PIPE,
            stderr=subprocess.PIPE,
        )

        stderr = proc.stderr.decode("utf-8", "replace")
>       assert proc.returncode == 0, (
            "decorated function run failed under ASCII default encoding; "
            "stderr:\n" + stderr
        )
E       AssertionError: decorated function run failed under ASCII default encoding; stderr:
E         Traceback (most recent call last):
E           File "/private/var/folders/1j/l08d1p2s6ls9235bnggg20rc0000gn/T/pytest-of-minhkha/pytest-410/test_file_output_non_ascii_und0/run_snoop.py", line 9, in <module>
E             result = f()
E           File "/Users/minhkha/SidePrj/katalon/poc/workspace/harness-pysnooper-buggy/PySnooper/pysnooper/tracer.py", line 215, in simple_wrapper
E             return function(*args, **kwargs)
E           File "/private/var/folders/1j/l08d1p2s6ls9235bnggg20rc0000gn/T/pytest-of-minhkha/pytest-410/test_file_output_non_ascii_und0/run_snoop.py", line 6, in f
E             value = 'caf\xe9'
E           File "/private/var/folders/1j/l08d1p2s6ls9235bnggg20rc0000gn/T/pytest-of-minhkha/pytest-410/test_file_output_non_ascii_und0/run_snoop.py", line 6, in f
E             value = 'caf\xe9'
E           File "/Users/minhkha/SidePrj/katalon/poc/workspace/harness-pysnooper-buggy/PySnooper/pysnooper/tracer.py", line 375, in trace
E             self.write(u'{indent}{now_string} {thread_info}{event:9} '
E           File "/Users/minhkha/SidePrj/katalon/poc/workspace/harness-pysnooper-buggy/PySnooper/pysnooper/tracer.py", line 242, in write
E             self._write(s)
E           File "/Users/minhkha/SidePrj/katalon/poc/workspace/harness-pysnooper-buggy/PySnooper/pysnooper/tracer.py", line 134, in write
E             output_file.write(s)
E         UnicodeEncodeError: 'ascii' codec can't encode character '\xe9' in position 47: ordinal not in range(128)
E
E       assert 1 == 0
E        +  where 1 = CompletedProcess(args=['/Users/minhkha/SidePrj/katalon/poc/workspace/harness-pysnooper-buggy/PySnooper/env39/bin/pytho...s)\nUnicodeEncodeError: \'ascii\' codec can\'t encode character \'\\xe9\' in position 47: ordinal not in range(128)\n').returncode

_generated_eval_conditional-h04-a9ae48b9d8-direct.py:46: AssertionError
=========================== short test summary info ============================
FAILED _generated_eval_conditional-h04-a9ae48b9d8-direct.py::test_file_output_non_ascii_under_ascii_locale
1 failed in 0.05s
