F                                                                        [100%]
=================================== FAILURES ===================================
________________ test_file_output_non_ascii_under_ascii_locale _________________

tmp_path = PosixPath('/private/var/folders/1j/l08d1p2s6ls9235bnggg20rc0000gn/T/pytest-of-minhkha/pytest-368/test_file_output_non_ascii_und0')

    def test_file_output_non_ascii_under_ascii_locale(tmp_path):
        """Trace output to a file must be written even when the trace contains
        non-ASCII characters and the process runs under an ASCII default encoding.

        Frozen hypothesis: FileWriter.write opens the output path without an
        explicit encoding, so under LC_ALL=C / PYTHONUTF8=0 the default text
        encoding is ASCII and writing a non-ASCII variable repr raises
        UnicodeEncodeError, leaving the requested path without the trace.
        """
        out_path = tmp_path / "trace.log"
        script = textwrap.dedent(
            """
            import pysnooper

            @pysnooper.snoop({path!r})
            def f():
                value = 'caf\u00e9'
                return value

            result = f()
            assert result == 'caf\u00e9', result
            """
        ).format(path=str(out_path))

        env = dict(os.environ)
        env["LC_ALL"] = "C"
        env["LANG"] = "C"
        env["PYTHONUTF8"] = "0"
        env["PYTHONIOENCODING"] = "ascii"

        proc = subprocess.run(
            [sys.executable, "-c", script],
            env=env,
            capture_output=True,
            text=True,
        )

>       assert proc.returncode == 0, (
            "decorated function run failed under ASCII locale; "
            "stderr:\n" + proc.stderr
        )
E       AssertionError: decorated function run failed under ASCII locale; stderr:
E         Traceback (most recent call last):
E           File "<string>", line 9, in <module>
E           File "/Users/minhkha/SidePrj/katalon/poc/workspace/harness-pysnooper-buggy/PySnooper/pysnooper/tracer.py", line 215, in simple_wrapper
E             return function(*args, **kwargs)
E           File "<string>", line 7, in f
E           File "<string>", line 7, in f
E           File "/Users/minhkha/SidePrj/katalon/poc/workspace/harness-pysnooper-buggy/PySnooper/pysnooper/tracer.py", line 317, in trace
E             self.write('{indent}{newish_string}{name} = {value_repr}'.format(
E           File "/Users/minhkha/SidePrj/katalon/poc/workspace/harness-pysnooper-buggy/PySnooper/pysnooper/tracer.py", line 242, in write
E             self._write(s)
E           File "/Users/minhkha/SidePrj/katalon/poc/workspace/harness-pysnooper-buggy/PySnooper/pysnooper/tracer.py", line 134, in write
E             output_file.write(s)
E         UnicodeEncodeError: 'ascii' codec can't encode character '\xe9' in position 28: ordinal not in range(128)
E
E       assert 1 == 0
E        +  where 1 = CompletedProcess(args=['/Users/minhkha/SidePrj/katalon/poc/workspace/harness-pysnooper-buggy/PySnooper/env39/bin/pytho...s)\nUnicodeEncodeError: \'ascii\' codec can\'t encode character \'\\xe9\' in position 28: ordinal not in range(128)\n').returncode

_generated_eval_conditional-h04-a9ae48b9d8-direct.py:44: AssertionError
=========================== short test summary info ============================
FAILED _generated_eval_conditional-h04-a9ae48b9d8-direct.py::test_file_output_non_ascii_under_ascii_locale
1 failed in 0.05s
