F                                                                        [100%]
=================================== FAILURES ===================================
__________________________ test_file_output_non_ascii __________________________

    def test_file_output_non_ascii():
        # Create a temporary Python module with a non-ASCII character in a comment
        with tempfile.TemporaryDirectory() as tmpdir:
            module_name = 'non_ascii_module'
            module_path = os.path.join(tmpdir, module_name + '.py')
            source = textwrap.dedent(u'''\
                # -*- coding: utf-8 -*-
                import pysnooper

                @pysnooper.snoop()
                def f(x):
                    # comment with non-ascii: \u00e9
                    return x + 1
            ''')
            with open(module_path, 'w', encoding='utf-8') as f:
                f.write(source)

            sys.path.insert(0, tmpdir)
            try:
                module = __import__(module_name)
            finally:
                sys.path.pop(0)

            output_path = os.path.join(tmpdir, 'trace.log')
            # Re-decorate with file output
            decorated = pysnooper.snoop(output_path)(module.f)
            result = decorated(1)
            assert result == 2

            with open(output_path, 'r', encoding='utf-8') as f:
                output = f.read()

            # The non-ASCII character should appear correctly in the trace output
>           assert '\u00e9' in output, (
                'Non-ASCII character \u00e9 not found in trace output. '
                'Output was: {!r}'.format(output)
            )
E           AssertionError: Non-ASCII character \xe9 not found in trace output. Output was: 'Starting var:.. args = (1,)\\nStarting var:.. kwargs = {}\\nStarting var:.. function = <function f at 0x104d7b9d0>\\nStarting var:.. self = <pysnooper.tracer.Tracer object at 0x104c73850>\\n07:18:23.429589 call       213         def simple_wrapper(*args, **kwargs):\\n07:18:23.429741 line       214             with self:\\n07:18:23.429795 line       215                 return function(*args, **kwargs)\\n07:18:23.429944 return     215                 return function(*args, **kwargs)\\nReturn value:.. 2\\n'
E           assert '\xe9' in 'Starting var:.. args = (1,)\\nStarting var:.. kwargs = {}\\nStarting var:.. function = <function f at 0x104d7b9d0>\\nSta...*args, **kwargs)\\n07:18:23.429944 return     215                 return function(*args, **kwargs)\\nReturn value:.. 2\\n'

_generated_eval_C_attempt_3.py:43: AssertionError
----------------------------- Captured stderr call -----------------------------
    Starting var:.. x = 1
    07:18:23.429853 call         5 def f(x):
    07:18:23.429903 line         7     return x + 1
    07:18:23.429915 return       7     return x + 1
    Return value:.. 2
=============================== warnings summary ===============================
pysnooper/variables.py:3
pysnooper/variables.py:3
  /Users/minhkha/SidePrj/katalon/poc/workspace/harness-pysnooper-buggy/PySnooper/pysnooper/variables.py:3: DeprecationWarning: Using or importing the ABCs from 'collections' instead of from 'collections.abc' is deprecated since Python 3.3, and in 3.10 it will stop working
    from collections import Mapping, Sequence

-- Docs: https://docs.pytest.org/en/stable/how-to/capture-warnings.html
=========================== short test summary info ============================
FAILED _generated_eval_C_attempt_3.py::test_file_output_non_ascii - Assertion...
1 failed, 2 warnings in 0.02s
