F                                                                        [100%]
=================================== FAILURES ===================================
_____________________ test_reuse_tracer_across_with_blocks _____________________

    def test_reuse_tracer_across_with_blocks():
        string_io = io.StringIO()
        snoop = pysnooper.snoop(string_io)

        original_trace = sys.gettrace()

        def inner(x):
            y = x + 1
            return y

        with snoop:
            a = inner(1)

        assert a == 2
        assert sys.gettrace() is original_trace

        with snoop:
>           b = inner(2)
E           AssertionError: assert 'y = x + 1' in 'New var:....... string_io = <_io.StringIO object at 0x101d62670>\nNew var:....... snoop = <pysnooper.tracer.Tracer ob...:....... @py_assert3 = None\nNew var:....... @py_assert5 = None\n08:04:10.436710 line        24         b = inner(2)\n'

_generated_eval_B_attempt_1.py:24: AssertionError
=============================== warnings summary ===============================
pysnooper/variables.py:3
pysnooper/variables.py:3
  /Users/minhkha/SidePrj/katalon/poc/workspace/harness-pysnooper-fixed/PySnooper/pysnooper/variables.py:3: DeprecationWarning: Using or importing the ABCs from 'collections' instead of from 'collections.abc' is deprecated since Python 3.3, and in 3.10 it will stop working
    from collections import Mapping, Sequence

-- Docs: https://docs.pytest.org/en/stable/how-to/capture-warnings.html
=========================== short test summary info ============================
FAILED _generated_eval_B_attempt_1.py::test_reuse_tracer_across_with_blocks
1 failed, 2 warnings in 0.02s
