F                                                                        [100%]
=================================== FAILURES ===================================
________________ test_file_output_non_ascii_under_ascii_locale _________________

tmp_path = PosixPath('/private/var/folders/1j/l08d1p2s6ls9235bnggg20rc0000gn/T/pytest-of-minhkha/pytest-152/test_file_output_non_ascii_und0')

    def test_file_output_non_ascii_under_ascii_locale(tmp_path):
        path = tmp_path / 'foo.log'

        @pysnooper.snoop(str(path))
        def my_function():
            value = 'caf\u00e9'
            return value

>       result = my_function()

_generated_eval_C_attempt_5.py:19:
_ _ _ _ _ _ _ _ _ _ _ _ _ _ _ _ _ _ _ _ _ _ _ _ _ _ _ _ _ _ _ _ _ _ _ _ _ _ _ _
pysnooper/tracer.py:215: in simple_wrapper
    return function(*args, **kwargs)
_generated_eval_C_attempt_5.py:17: in my_function
    return value
_generated_eval_C_attempt_5.py:17: in my_function
    return value
pysnooper/tracer.py:317: in trace
    self.write('{indent}{newish_string}{name} = {value_repr}'.format(
pysnooper/tracer.py:242: in write
    self._write(s)
_ _ _ _ _ _ _ _ _ _ _ _ _ _ _ _ _ _ _ _ _ _ _ _ _ _ _ _ _ _ _ _ _ _ _ _ _ _ _ _

self = <pysnooper.tracer.FileWriter object at 0x1049381c0>
s = "New var:....... value = 'caf\xe9'\\n"

    def write(self, s):
        with open(self.path, 'w' if self.overwrite else 'a') as output_file:
>           output_file.write(s)
E           UnicodeEncodeError: 'ascii' codec can't encode character '\xe9' in position 28: ordinal not in range(128)

pysnooper/tracer.py:134: UnicodeEncodeError
=============================== warnings summary ===============================
pysnooper/variables.py:3
pysnooper/variables.py:3
  /Users/minhkha/SidePrj/katalon/poc/workspace/harness-pysnooper-buggy/PySnooper/pysnooper/variables.py:3: DeprecationWarning: Using or importing the ABCs from 'collections' instead of from 'collections.abc' is deprecated since Python 3.3, and in 3.10 it will stop working
    from collections import Mapping, Sequence

-- Docs: https://docs.pytest.org/en/stable/how-to/capture-warnings.html
=========================== short test summary info ============================
FAILED _generated_eval_C_attempt_5.py::test_file_output_non_ascii_under_ascii_locale
1 failed, 2 warnings in 0.03s
