F                                                                        [100%]
=================================== FAILURES ===================================
__________ test_file_output_preserves_non_ascii_under_non_utf8_locale __________

    def test_file_output_preserves_non_ascii_under_non_utf8_locale():
        old_stdout = sys.stdout
        old_stderr = sys.stderr
        old_getdefaultencoding = getattr(sys, 'getdefaultencoding', None)

        # Force a non-UTF-8 default text encoding for the duration of the test.
        # This mirrors the LC_ALL=C / PYTHONUTF8=0 execution environment.
        sys.stdout = io.TextIOWrapper(io.BytesIO(), encoding='ascii')
        sys.stderr = io.TextIOWrapper(io.BytesIO(), encoding='ascii')
        try:
            if hasattr(sys, 'setdefaultencoding'):
                sys.setdefaultencoding('ascii')
        except Exception:
            pass

        try:
            with tempfile.TemporaryDirectory(prefix='pysnooper_') as folder:
                path = os.path.join(folder, 'foo.log')

                @pysnooper.snoop(path)
                def my_function():
                    value = '\u00e9\u00e8\u00ea'
                    return value

>               result = my_function()

_generated_eval_C_attempt_1.py:33:
_ _ _ _ _ _ _ _ _ _ _ _ _ _ _ _ _ _ _ _ _ _ _ _ _ _ _ _ _ _ _ _ _ _ _ _ _ _ _ _
pysnooper/tracer.py:215: in simple_wrapper
    return function(*args, **kwargs)
_generated_eval_C_attempt_1.py:31: in my_function
    return value
_generated_eval_C_attempt_1.py:31: in my_function
    return value
pysnooper/tracer.py:317: in trace
    self.write('{indent}{newish_string}{name} = {value_repr}'.format(
pysnooper/tracer.py:242: in write
    self._write(s)
_ _ _ _ _ _ _ _ _ _ _ _ _ _ _ _ _ _ _ _ _ _ _ _ _ _ _ _ _ _ _ _ _ _ _ _ _ _ _ _

self = <pysnooper.tracer.FileWriter object at 0x1069b8190>
s = "New var:....... value = '\xe9\xe8\xea'\\n"

    def write(self, s):
        with open(self.path, 'w' if self.overwrite else 'a') as output_file:
>           output_file.write(s)
E           UnicodeEncodeError: 'ascii' codec can't encode characters in position 25-27: ordinal not in range(128)

pysnooper/tracer.py:134: UnicodeEncodeError
=============================== warnings summary ===============================
pysnooper/variables.py:3
pysnooper/variables.py:3
  /Users/minhkha/SidePrj/katalon/poc/workspace/harness-pysnooper-buggy/PySnooper/pysnooper/variables.py:3: DeprecationWarning: Using or importing the ABCs from 'collections' instead of from 'collections.abc' is deprecated since Python 3.3, and in 3.10 it will stop working
    from collections import Mapping, Sequence

-- Docs: https://docs.pytest.org/en/stable/how-to/capture-warnings.html
=========================== short test summary info ============================
FAILED _generated_eval_C_attempt_1.py::test_file_output_preserves_non_ascii_under_non_utf8_locale
1 failed, 2 warnings in 0.03s
