F                                                                        [100%]
=================================== FAILURES ===================================
___________________ test_non_ascii_source_line_is_preserved ____________________

    def test_non_ascii_source_line_is_preserved():
        # Create a temporary module whose source contains a non-ASCII character
        # on a line after the first two lines, so no PEP-263 coding declaration
        # is found and the ascii fallback in get_source_from_frame is used.
        tmpdir = tempfile.mkdtemp(prefix='pysnooper_nonascii_')
        module_name = 'pysnooper_nonascii_module'
        module_path = os.path.join(tmpdir, module_name + '.py')
        source = textwrap.dedent(u'''\
            import pysnooper

            @pysnooper.snoop()
            def f(x):
                # comment with non-ascii: \u00e9
                y = x + 1
                return y
        ''')
        with io.open(module_path, 'w', encoding='utf-8') as fh:
            fh.write(source)

        sys.path.insert(0, tmpdir)
        try:
            module = __import__(module_name)
            # Capture stderr where snoop writes by default.
            old_stderr = sys.stderr
            captured = io.StringIO()
            sys.stderr = captured
            try:
                result = module.f(1)
            finally:
                sys.stderr = old_stderr
            output = captured.getvalue()
        finally:
            sys.path.remove(tmpdir)
            try:
                del sys.modules[module_name]
            except KeyError:
                pass

        assert result == 2
        # The non-ASCII source character should be preserved in the trace output.
>       assert u'\u00e9' in output, (
            'Expected the non-ASCII source character to appear in trace output, '
            'but got: %r' % (output,)
        )
E       AssertionError: Expected the non-ASCII source character to appear in trace output, but got: 'Starting var:.. x = 1\n08:04:27.664745 call         4 def f(x):\n08:04:27.664868 line         6     y = x + 1\nNew var:....... y = 2\n08:04:27.664882 line         7     return y\n08:04:27.664890 return       7     return y\nReturn value:.. 2\n'
E       assert '\xe9' in 'Starting var:.. x = 1\\n08:04:27.664745 call         4 def f(x):\\n08:04:27.664868 line         6     y = x + 1\\nNew va.... y = 2\\n08:04:27.664882 line         7     return y\\n08:04:27.664890 return       7     return y\\nReturn value:.. 2\\n'

_generated_eval_C_attempt_4.py:50: AssertionError
=============================== warnings summary ===============================
pysnooper/variables.py:3
pysnooper/variables.py:3
  /Users/minhkha/SidePrj/katalon/poc/workspace/harness-pysnooper-fixed/PySnooper/pysnooper/variables.py:3: DeprecationWarning: Using or importing the ABCs from 'collections' instead of from 'collections.abc' is deprecated since Python 3.3, and in 3.10 it will stop working
    from collections import Mapping, Sequence

-- Docs: https://docs.pytest.org/en/stable/how-to/capture-warnings.html
=========================== short test summary info ============================
FAILED _generated_eval_C_attempt_4.py::test_non_ascii_source_line_is_preserved
1 failed, 2 warnings in 0.02s
