F                                                                        [100%]
=================================== FAILURES ===================================
________________ test_file_output_non_ascii_under_ascii_locale _________________

    def test_file_output_non_ascii_under_ascii_locale():
        """
        Hypothesis: PySnooper's FileWriter.write opens the output file without an
        explicit encoding, so under a non-UTF-8 locale (LC_ALL=C, PYTHONUTF8=0)
        writing a trace containing a non-ASCII variable repr raises
        UnicodeEncodeError instead of producing the trace.

        This test runs a small script in a subprocess with LC_ALL=C and
        PYTHONUTF8=0, decorates a function with @pysnooper.snoop(path), and checks
        that the trace file exists, contains the non-ASCII value, and that the
        decorated function returns its correct result.
        """
        with tempfile.TemporaryDirectory() as tmpdir:
            trace_path = os.path.join(tmpdir, "trace.log")
            script_path = os.path.join(tmpdir, "run_snoop.py")

            script = textwrap.dedent(
                """
                import sys
                import pysnooper

                trace_path = sys.argv[1]

                @pysnooper.snoop(trace_path)
                def f():
                    value = 'caf\u00e9'
                    return value

                result = f()
                assert result == 'caf\u00e9', result
                """
            )
            with open(script_path, "w", encoding="utf-8") as fh:
                fh.write(script)

            env = os.environ.copy()
            env["LC_ALL"] = "C"
            env["LANG"] = "C"
            env["PYTHONUTF8"] = "0"

            proc = subprocess.run(
                [sys.executable, script_path, trace_path],
                env=env,
                stdout=subprocess.PIPE,
                stderr=subprocess.PIPE,
            )

            stderr = proc.stderr.decode("utf-8", errors="replace")
            stdout = proc.stdout.decode("utf-8", errors="replace")

>           assert proc.returncode == 0, (
                "Subprocess failed under LC_ALL=C/PYTHONUTF8=0.\n"
                "stdout:\n%s\nstderr:\n%s" % (stdout, stderr)
            )
E           AssertionError: Subprocess failed under LC_ALL=C/PYTHONUTF8=0.
E             stdout:
E
E             stderr:
E             Traceback (most recent call last):
E               File "/var/folders/1j/l08d1p2s6ls9235bnggg20rc0000gn/T/tmpk_l490yl/run_snoop.py", line 12, in <module>
E                 result = f()
E               File "/Users/minhkha/SidePrj/katalon/poc/workspace/harness-pysnooper-buggy/PySnooper/pysnooper/tracer.py", line 215, in simple_wrapper
E                 return function(*args, **kwargs)
E               File "/var/folders/1j/l08d1p2s6ls9235bnggg20rc0000gn/T/tmpk_l490yl/run_snoop.py", line 9, in f
E                 value = 'caf\xe9'
E               File "/var/folders/1j/l08d1p2s6ls9235bnggg20rc0000gn/T/tmpk_l490yl/run_snoop.py", line 9, in f
E                 value = 'caf\xe9'
E               File "/Users/minhkha/SidePrj/katalon/poc/workspace/harness-pysnooper-buggy/PySnooper/pysnooper/tracer.py", line 375, in trace
E                 self.write(u'{indent}{now_string} {thread_info}{event:9} '
E               File "/Users/minhkha/SidePrj/katalon/poc/workspace/harness-pysnooper-buggy/PySnooper/pysnooper/tracer.py", line 242, in write
E                 self._write(s)
E               File "/Users/minhkha/SidePrj/katalon/poc/workspace/harness-pysnooper-buggy/PySnooper/pysnooper/tracer.py", line 134, in write
E                 output_file.write(s)
E             UnicodeEncodeError: 'ascii' codec can't encode character '\xe9' in position 47: ordinal not in range(128)
E
E           assert 1 == 0
E            +  where 1 = CompletedProcess(args=['/Users/minhkha/SidePrj/katalon/poc/workspace/harness-pysnooper-buggy/PySnooper/env39/bin/pytho...s)\nUnicodeEncodeError: \'ascii\' codec can\'t encode character \'\\xe9\' in position 47: ordinal not in range(128)\n').returncode

_generated_eval_conditional-h04-a9ae48b9d8-direct.py:58: AssertionError
=========================== short test summary info ============================
FAILED _generated_eval_conditional-h04-a9ae48b9d8-direct.py::test_file_output_non_ascii_under_ascii_locale
1 failed in 0.04s
