F                                                                        [100%]
=================================== FAILURES ===================================
________________ test_file_output_non_ascii_under_ascii_locale _________________

    def test_file_output_non_ascii_under_ascii_locale():
        """Trace output to a path must be written even when the trace contains
        non-ASCII characters and the process runs under an ASCII default encoding.

        The frozen hypothesis claims FileWriter.write opens the output path without
        an explicit encoding, so under LC_ALL=C / PYTHONUTF8=0 the default text
        encoding is ASCII and writing a non-ASCII variable repr raises
        UnicodeEncodeError instead of producing the trace.
        """
        with tempfile.TemporaryDirectory() as tmpdir:
            out_path = os.path.join(tmpdir, "trace.log")
            script_path = os.path.join(tmpdir, "run_snoop.py")

            script = textwrap.dedent(
                """
                import sys
                import pysnooper

                out_path = sys.argv[1]

                @pysnooper.snoop(out_path)
                def f():
                    value = 'caf\\u00e9'
                    return 42

                result = f()
                assert result == 42, result
                """
            )
            with open(script_path, "w", encoding="utf-8") as fh:
                fh.write(script)

            env = dict(os.environ)
            env["LC_ALL"] = "C"
            env["LANG"] = "C"
            env["PYTHONUTF8"] = "0"
            env["PYTHONIOENCODING"] = "ascii"

            proc = subprocess.run(
                [sys.executable, script_path, out_path],
                env=env,
                stdout=subprocess.PIPE,
                stderr=subprocess.PIPE,
            )

            stderr = proc.stderr.decode("utf-8", "replace")

>           assert proc.returncode == 0, (
                "Decorated function run failed under ASCII locale; "
                "stderr was:\n" + stderr
            )
E           AssertionError: Decorated function run failed under ASCII locale; stderr was:
E             Traceback (most recent call last):
E               File "/var/folders/1j/l08d1p2s6ls9235bnggg20rc0000gn/T/tmp6b8c4ts5/run_snoop.py", line 12, in <module>
E                 result = f()
E               File "/Users/minhkha/SidePrj/katalon/poc/workspace/harness-pysnooper-buggy/PySnooper/pysnooper/tracer.py", line 215, in simple_wrapper
E                 return function(*args, **kwargs)
E               File "/var/folders/1j/l08d1p2s6ls9235bnggg20rc0000gn/T/tmp6b8c4ts5/run_snoop.py", line 10, in f
E                 return 42
E               File "/var/folders/1j/l08d1p2s6ls9235bnggg20rc0000gn/T/tmp6b8c4ts5/run_snoop.py", line 10, in f
E                 return 42
E               File "/Users/minhkha/SidePrj/katalon/poc/workspace/harness-pysnooper-buggy/PySnooper/pysnooper/tracer.py", line 317, in trace
E                 self.write('{indent}{newish_string}{name} = {value_repr}'.format(
E               File "/Users/minhkha/SidePrj/katalon/poc/workspace/harness-pysnooper-buggy/PySnooper/pysnooper/tracer.py", line 242, in write
E                 self._write(s)
E               File "/Users/minhkha/SidePrj/katalon/poc/workspace/harness-pysnooper-buggy/PySnooper/pysnooper/tracer.py", line 134, in write
E                 output_file.write(s)
E             UnicodeEncodeError: 'ascii' codec can't encode character '\xe9' in position 28: ordinal not in range(128)
E
E           assert 1 == 0
E            +  where 1 = CompletedProcess(args=['/Users/minhkha/SidePrj/katalon/poc/workspace/harness-pysnooper-buggy/PySnooper/env39/bin/pytho...s)\nUnicodeEncodeError: \'ascii\' codec can\'t encode character \'\\xe9\' in position 28: ordinal not in range(128)\n').returncode

_generated_eval_conditional-h04-a9ae48b9d8-direct-3.py:55: AssertionError
=========================== short test summary info ============================
FAILED _generated_eval_conditional-h04-a9ae48b9d8-direct-3.py::test_file_output_non_ascii_under_ascii_locale
1 failed in 0.05s
