F                                                                        [100%]
=================================== FAILURES ===================================
_________________ test_non_ascii_argument_with_non_utf8_stderr _________________

self = <_generated_eval_conditional-h02-c19fcca1ca-direct.test_non_ascii_argument_with_non_utf8_stderr.<locals>.FakeStderr object at 0x1042caee0>
s = "Starting var:.. x = 'caf\xe9'\\n"

    def write(self, s):
        # Simulate encoding to ASCII; non-ASCII characters will raise UnicodeEncodeError
>       s.encode('ascii')
E       UnicodeEncodeError: 'ascii' codec can't encode character '\xe9' in position 24: ordinal not in range(128)

_generated_eval_conditional-h02-c19fcca1ca-direct.py:26: UnicodeEncodeError

During handling of the above exception, another exception occurred:

    def test_non_ascii_argument_with_non_utf8_stderr():
        """
        When a decorated function is called with a non-ASCII string argument,
        PySnooper's default stderr output path should not raise UnicodeEncodeError
        even if sys.stderr uses a non-UTF-8 encoding.
        """
        # Save original stderr
        original_stderr = sys.stderr

        # Create a fake stderr with a non-UTF-8 encoding (e.g., ASCII)
        # that will raise UnicodeEncodeError when writing non-ASCII characters.
        class FakeStderr(io.TextIOBase):
            encoding = 'ascii'

            def __init__(self):
                self.buffer = io.StringIO()

            def write(self, s):
                # Simulate encoding to ASCII; non-ASCII characters will raise UnicodeEncodeError
                s.encode('ascii')
                return self.buffer.write(s)

            def flush(self):
                pass

        fake_stderr = FakeStderr()
        sys.stderr = fake_stderr

        try:
            @pysnooper.snoop()
            def foo(x):
                return x

            # Call with a non-ASCII string
>           result = foo('caf\u00e9')

_generated_eval_conditional-h02-c19fcca1ca-direct.py:41:
_ _ _ _ _ _ _ _ _ _ _ _ _ _ _ _ _ _ _ _ _ _ _ _ _ _ _ _ _ _ _ _ _ _ _ _ _ _ _ _
pysnooper/tracer.py:218: in simple_wrapper
    return function(*args, **kwargs)
_generated_eval_conditional-h02-c19fcca1ca-direct.py:36: in foo
    @pysnooper.snoop()
pysnooper/tracer.py:320: in trace
    self.write('{indent}{newish_string}{name} = {value_repr}'.format(
pysnooper/tracer.py:245: in write
    self._write(s)
pysnooper/tracer.py:116: in write
    stderr.write(utils.shitcode(s))
_ _ _ _ _ _ _ _ _ _ _ _ _ _ _ _ _ _ _ _ _ _ _ _ _ _ _ _ _ _ _ _ _ _ _ _ _ _ _ _

self = <_generated_eval_conditional-h02-c19fcca1ca-direct.test_non_ascii_argument_with_non_utf8_stderr.<locals>.FakeStderr object at 0x1042caee0>
s = "Starting var:.. x = 'caf\xe9'\\n"

    def write(self, s):
        # Simulate encoding to ASCII; non-ASCII characters will raise UnicodeEncodeError
>       s.encode('ascii')
E       UnicodeEncodeError: 'ascii' codec can't encode character '\xe9' in position 24: ordinal not in range(128)

_generated_eval_conditional-h02-c19fcca1ca-direct.py:26: UnicodeEncodeError
=============================== warnings summary ===============================
pysnooper/variables.py:3
pysnooper/variables.py:3
  /Users/minhkha/SidePrj/katalon/poc/workspace/harness-pysnooper-fixed/PySnooper/pysnooper/variables.py:3: DeprecationWarning: Using or importing the ABCs from 'collections' instead of from 'collections.abc' is deprecated since Python 3.3, and in 3.10 it will stop working
    from collections import Mapping, Sequence

-- Docs: https://docs.pytest.org/en/stable/how-to/capture-warnings.html
=========================== short test summary info ============================
FAILED _generated_eval_conditional-h02-c19fcca1ca-direct.py::test_non_ascii_argument_with_non_utf8_stderr
1 failed, 2 warnings in 0.03s
