F                                                                        [100%]
=================================== FAILURES ===================================
________________ test_utf8_source_line_preserved_under_c_locale ________________

tmp_path = PosixPath('/private/var/folders/1j/l08d1p2s6ls9235bnggg20rc0000gn/T/pytest-of-minhkha/pytest-467/test_utf8_source_line_preserve0')

    def test_utf8_source_line_preserved_under_c_locale(tmp_path):
        module_name = "pysnooper_utf8_locale_module"
        module_path = tmp_path / (module_name + ".py")
        log_path = tmp_path / "trace.log"

        source = textwrap.dedent(
            u'''\
            import pysnooper

            @pysnooper.snoop({log!r})
            def f():
                s = 'h\u00e9llo'
                return s
            '''
        ).format(log=os.fspath(log_path))

        with open(os.fspath(module_path), "w", encoding="utf-8") as fh:
            fh.write(source)

        driver = textwrap.dedent(
            u'''\
            import sys
            sys.path.insert(0, {dir!r})
            import {mod} as m
            result = m.f()
            assert result == 'h\u00e9llo', repr(result)
            '''
        ).format(dir=os.fspath(tmp_path), mod=module_name)

        env = dict(os.environ)
        env["LC_ALL"] = "C"
        env["PYTHONUTF8"] = "0"
        env["PYTHONCOERCECLOCALE"] = "0"

        proc = subprocess.run(
            [sys.executable, "-c", driver],
            env=env,
            stdout=subprocess.PIPE,
            stderr=subprocess.PIPE,
        )
        stdout = proc.stdout.decode("utf-8", "replace")
        stderr = proc.stderr.decode("utf-8", "replace")
>       assert proc.returncode == 0, (stdout, stderr)
E       AssertionError: ('', 'Traceback (most recent call last):
E           File "<string>", line 4, in <module>
E           File "/Users/minhkha/SidePrj/katal...s)
E         UnicodeEncodeError: \'ascii\' codec can\'t encode character \'\\xe9\' in position 41: ordinal not in range(128)
E         ')
E       assert 1 == 0
E        +  where 1 = CompletedProcess(args=['/Users/minhkha/SidePrj/katalon/poc/workspace/harness-pysnooper-buggy/PySnooper/env39/bin/pytho...s)\nUnicodeEncodeError: \'ascii\' codec can\'t encode character \'\\xe9\' in position 41: ordinal not in range(128)\n').returncode

_generated_eval_conditional-h03-768b90f0a5-plan-2.py:49: AssertionError
=========================== short test summary info ============================
FAILED _generated_eval_conditional-h03-768b90f0a5-plan-2.py::test_utf8_source_line_preserved_under_c_locale
1 failed in 0.05s
