F                                                                        [100%]
=================================== FAILURES ===================================
__________ test_file_output_preserves_non_ascii_under_non_utf8_locale __________

tmp_path = PosixPath('/private/var/folders/1j/l08d1p2s6ls9235bnggg20rc0000gn/T/pytest-of-minhkha/pytest-453/test_file_output_preserves_non0')

    def test_file_output_preserves_non_ascii_under_non_utf8_locale(tmp_path):
        """Tracing to a path must preserve non-ASCII variable reprs regardless of locale.

        Runs a child process with a forced non-UTF-8 default text encoding
        (PYTHONUTF8=0, LC_ALL=C) so that FileWriter.write's implicit
        open(path, 'w'/'a') encoding is ASCII.  The trace contains a non-ASCII
        local variable value; the file must still contain that value when read
        back as UTF-8.
        """
        out_path = tmp_path / "trace.log"
        script = textwrap.dedent(
            """
            import sys
            import pysnooper

            @pysnooper.snoop({path!r})
            def f():
                value = "caf\u00e9 \u2603"
                return value

            f()
            """
        ).format(path=str(out_path))

        env = dict(os.environ)
        env["PYTHONUTF8"] = "0"
        env["PYTHONIOENCODING"] = "ascii"
        env["LC_ALL"] = "C"
        env["LANG"] = "C"

        proc = subprocess.run(
            [sys.executable, "-c", script],
            env=env,
            stdout=subprocess.PIPE,
            stderr=subprocess.PIPE,
        )

>       assert proc.returncode == 0, (
            "tracing to a file path failed under a non-UTF-8 locale; "
            "stderr: " + proc.stderr.decode("utf-8", "replace")
        )
E       AssertionError: tracing to a file path failed under a non-UTF-8 locale; stderr: Traceback (most recent call last):
E           File "<string>", line 10, in <module>
E           File "/Users/minhkha/SidePrj/katalon/poc/workspace/harness-pysnooper-buggy/PySnooper/pysnooper/tracer.py", line 215, in simple_wrapper
E             return function(*args, **kwargs)
E           File "<string>", line 8, in f
E           File "<string>", line 8, in f
E           File "/Users/minhkha/SidePrj/katalon/poc/workspace/harness-pysnooper-buggy/PySnooper/pysnooper/tracer.py", line 317, in trace
E             self.write('{indent}{newish_string}{name} = {value_repr}'.format(
E           File "/Users/minhkha/SidePrj/katalon/poc/workspace/harness-pysnooper-buggy/PySnooper/pysnooper/tracer.py", line 242, in write
E             self._write(s)
E           File "/Users/minhkha/SidePrj/katalon/poc/workspace/harness-pysnooper-buggy/PySnooper/pysnooper/tracer.py", line 134, in write
E             output_file.write(s)
E         UnicodeEncodeError: 'ascii' codec can't encode character '\xe9' in position 28: ordinal not in range(128)
E
E       assert 1 == 0
E        +  where 1 = CompletedProcess(args=['/Users/minhkha/SidePrj/katalon/poc/workspace/harness-pysnooper-buggy/PySnooper/env39/bin/pytho...s)\nUnicodeEncodeError: \'ascii\' codec can\'t encode character \'\\xe9\' in position 28: ordinal not in range(128)\n').returncode

_generated_eval_conditional-h01-e0c8bd3ab2-direct.py:44: AssertionError
=========================== short test summary info ============================
FAILED _generated_eval_conditional-h01-e0c8bd3ab2-direct.py::test_file_output_preserves_non_ascii_under_non_utf8_locale
1 failed in 0.05s
