F                                                                        [100%]
=================================== FAILURES ===================================
__________________ test_non_ascii_source_line_under_c_locale ___________________

tmp_path = PosixPath('/private/var/folders/1j/l08d1p2s6ls9235bnggg20rc0000gn/T/pytest-of-minhkha/pytest-476/test_non_ascii_source_line_und0')

    def test_non_ascii_source_line_under_c_locale(tmp_path):
        module_path = tmp_path / 'locale_mod.py'
        module_path.write_bytes(MODULE_SOURCE.encode('utf-8'))

        driver_path = tmp_path / 'driver.py'
        driver_path.write_text(DRIVER_SOURCE, encoding='utf-8')

        env = dict(os.environ)
        env['LC_ALL'] = 'C'
        env['LANG'] = 'C'
        env['PYTHONUTF8'] = '0'
        env['PYTHONCOERCECLOCALE'] = '0'
        env['PYTHONPATH'] = str(tmp_path) + os.pathsep + env.get('PYTHONPATH', '')

        completed = subprocess.run(
            [sys.executable, str(driver_path)],
            cwd=str(tmp_path),
            env=env,
            stdout=subprocess.PIPE,
            stderr=subprocess.PIPE,
            timeout=30,
        )

        stdout = completed.stdout.decode('utf-8', 'replace')
        stderr = completed.stderr.decode('utf-8', 'replace')

>       assert completed.returncode == 0, (
            'driver failed: rc=%r\nstdout=%r\nstderr=%r'
            % (completed.returncode, stdout, stderr)
        )
E       AssertionError: driver failed: rc=1
E         stdout=''
E         stderr='Traceback (most recent call last):\n  File "/private/var/folders/1j/l08d1p2s6ls9235bnggg20rc0000gn/T/pytest-of-minhkha/pytest-476/test_non_ascii_source_line_und0/driver.py", line 5, in <module>\n    import locale_mod\n  File "/private/var/folders/1j/l08d1p2s6ls9235bnggg20rc0000gn/T/pytest-of-minhkha/pytest-476/test_non_ascii_source_line_und0/locale_mod.py", line 2, in <module>\n    @pysnooper.snoop(string_io)\nNameError: name \'string_io\' is not defined\n'
E       assert 1 == 0
E        +  where 1 = CompletedProcess(args=['/Users/minhkha/SidePrj/katalon/poc/workspace/harness-pysnooper-fixed/PySnooper/env39/bin/pytho.../locale_mod.py", line 2, in <module>\n    @pysnooper.snoop(string_io)\nNameError: name \'string_io\' is not defined\n').returncode

_generated_eval_conditional-h05-080bc02016-plan-1.py:57: AssertionError
=========================== short test summary info ============================
FAILED _generated_eval_conditional-h05-080bc02016-plan-1.py::test_non_ascii_source_line_under_c_locale
1 failed in 0.05s
