F                                                                        [100%]
=================================== FAILURES ===================================
________________ test_file_output_non_ascii_under_ascii_locale _________________

tmp_path = PosixPath('/private/var/folders/1j/l08d1p2s6ls9235bnggg20rc0000gn/T/pytest-of-minhkha/pytest-455/test_file_output_non_ascii_und0')

    def test_file_output_non_ascii_under_ascii_locale(tmp_path):
        """Trace output to a file must be written even when the trace contains
        non-ASCII characters and the process runs under an ASCII default encoding.

        The frozen hypothesis claims FileWriter.write opens the output path without
        an explicit encoding, so under LC_ALL=C / PYTHONUTF8=0 a non-ASCII variable
        repr raises UnicodeEncodeError and the trace is not written.
        """
        out_path = tmp_path / "trace.log"

        script = textwrap.dedent(
            """
            import pysnooper

            @pysnooper.snoop({path!r})
            def f():
                value = 'caf\u00e9'
                return value

            result = f()
            assert result == 'caf\u00e9', result
            """
        ).format(path=str(out_path))

        env = dict(os.environ)
        env["LC_ALL"] = "C"
        env["LANG"] = "C"
        env["PYTHONUTF8"] = "0"
        env["PYTHONIOENCODING"] = "ascii"

        proc = subprocess.run(
            [sys.executable, "-c", script],
            env=env,
            capture_output=True,
            text=True,
        )

>       assert proc.returncode == 0, (
            "Decorated function run failed under ASCII locale.\n"
            "stdout: {!r}\nstderr: {!r}".format(proc.stdout, proc.stderr)
        )
E       AssertionError: Decorated function run failed under ASCII locale.
E         stdout: ''
E         stderr: 'Traceback (most recent call last):\n  File "<string>", line 9, in <module>\n  File "/Users/minhkha/SidePrj/katalon/poc/workspace/harness-pysnooper-buggy/PySnooper/pysnooper/tracer.py", line 215, in simple_wrapper\n    return function(*args, **kwargs)\n  File "<string>", line 7, in f\n  File "<string>", line 7, in f\n  File "/Users/minhkha/SidePrj/katalon/poc/workspace/harness-pysnooper-buggy/PySnooper/pysnooper/tracer.py", line 317, in trace\n    self.write(\'{indent}{newish_string}{name} = {value_repr}\'.format(\n  File "/Users/minhkha/SidePrj/katalon/poc/workspace/harness-pysnooper-buggy/PySnooper/pysnooper/tracer.py", line 242, in write\n    self._write(s)\n  File "/Users/minhkha/SidePrj/katalon/poc/workspace/harness-pysnooper-buggy/PySnooper/pysnooper/tracer.py", line 134, in write\n    output_file.write(s)\nUnicodeEncodeError: \'ascii\' codec can\'t encode character \'\\xe9\' in position 28: ordinal not in range(128)\n'
E       assert 1 == 0
E        +  where 1 = CompletedProcess(args=['/Users/minhkha/SidePrj/katalon/poc/workspace/harness-pysnooper-buggy/PySnooper/env39/bin/pytho...s)\nUnicodeEncodeError: \'ascii\' codec can\'t encode character \'\\xe9\' in position 28: ordinal not in range(128)\n').returncode

_generated_eval_conditional-h04-a9ae48b9d8-direct.py:46: AssertionError
=========================== short test summary info ============================
FAILED _generated_eval_conditional-h04-a9ae48b9d8-direct.py::test_file_output_non_ascii_under_ascii_locale
1 failed in 0.05s
