F                                                                        [100%]
=================================== FAILURES ===================================
__________ test_file_output_preserves_non_ascii_under_non_utf8_locale __________

    def test_file_output_preserves_non_ascii_under_non_utf8_locale():
        """
        Hypothesis: PySnooper's FileWriter.write opens the output file without an explicit
        encoding, so under a non-UTF-8 locale (e.g. LC_ALL=C, PYTHONUTF8=0) writing a
        trace containing a non-ASCII variable representation fails or corrupts the trace.

        Oracle: tracing to a requested filesystem path must write the trace text to that
        path and preserve non-ASCII variable representations, independent of the process
        locale.
        """
        with tempfile.TemporaryDirectory() as tmpdir:
            output_path = os.path.join(tmpdir, "trace.log")

            script = textwrap.dedent(
                """
                import sys
                import pysnooper

                output_path = sys.argv[1]

                @pysnooper.snoop(output_path)
                def f():
                    value = "caf\u00e9"
                    return value

                f()
                """
            )

            env = os.environ.copy()
            env["LC_ALL"] = "C"
            env["LANG"] = "C"
            env["PYTHONUTF8"] = "0"
            env["PYTHONIOENCODING"] = "ascii"

            result = subprocess.run(
                [sys.executable, "-c", script, output_path],
                env=env,
                stdout=subprocess.PIPE,
                stderr=subprocess.PIPE,
                text=True,
            )

>           assert result.returncode == 0, (
                "Tracing to a file path failed under a non-UTF-8 locale.\n"
                f"stdout: {result.stdout!r}\nstderr: {result.stderr!r}"
            )
E           AssertionError: Tracing to a file path failed under a non-UTF-8 locale.
E             stdout: ''
E             stderr: 'Traceback (most recent call last):\n  File "<string>", line 12, in <module>\n  File "/Users/minhkha/SidePrj/katalon/poc/workspace/harness-pysnooper-buggy/PySnooper/pysnooper/tracer.py", line 215, in simple_wrapper\n    return function(*args, **kwargs)\n  File "<string>", line 10, in f\n  File "<string>", line 10, in f\n  File "/Users/minhkha/SidePrj/katalon/poc/workspace/harness-pysnooper-buggy/PySnooper/pysnooper/tracer.py", line 317, in trace\n    self.write(\'{indent}{newish_string}{name} = {value_repr}\'.format(\n  File "/Users/minhkha/SidePrj/katalon/poc/workspace/harness-pysnooper-buggy/PySnooper/pysnooper/tracer.py", line 242, in write\n    self._write(s)\n  File "/Users/minhkha/SidePrj/katalon/poc/workspace/harness-pysnooper-buggy/PySnooper/pysnooper/tracer.py", line 134, in write\n    output_file.write(s)\nUnicodeEncodeError: \'ascii\' codec can\'t encode character \'\\xe9\' in position 28: ordinal not in range(128)\n'
E           assert 1 == 0
E            +  where 1 = CompletedProcess(args=['/Users/minhkha/SidePrj/katalon/poc/workspace/harness-pysnooper-buggy/PySnooper/env39/bin/pytho...s)\nUnicodeEncodeError: \'ascii\' codec can\'t encode character \'\\xe9\' in position 28: ordinal not in range(128)\n').returncode

_generated_eval_conditional-h01-e0c8bd3ab2-direct-3.py:51: AssertionError
=========================== short test summary info ============================
FAILED _generated_eval_conditional-h01-e0c8bd3ab2-direct-3.py::test_file_output_preserves_non_ascii_under_non_utf8_locale
1 failed in 0.05s
