F                                                                        [100%]
=================================== FAILURES ===================================
_____________________ test_utf8_source_line_under_c_locale _____________________

tmp_path = PosixPath('/private/var/folders/1j/l08d1p2s6ls9235bnggg20rc0000gn/T/pytest-of-minhkha/pytest-398/test_utf8_source_line_under_c_0')

    def test_utf8_source_line_under_c_locale(tmp_path):
        module_path = tmp_path / 'pysnooper_utf8_b.py'
        log_path = tmp_path / 'pysnooper_utf8_b.log'

        source = textwrap.dedent(
            u'import pysnooper\n'
            u'@pysnooper.snoop(%r)\n'
            u'def f():\n'
            u"    s = 'h\u00e9llo'\n"
            u'    return s\n'
        ) % (str(log_path),)

        with open(str(module_path), 'w', encoding='utf-8') as f:
            f.write(source)

        if log_path.exists():
            log_path.unlink()

        env = dict(os.environ)
        env['LC_ALL'] = 'C'
        env['LANG'] = 'C'
        env['PYTHONUTF8'] = '0'
        env['PYTHONCOERCECLOCALE'] = '0'
        env['PYTHONIOENCODING'] = 'utf-8'

        repo_root = os.path.dirname(os.path.dirname(os.path.abspath(__file__)))
        env['PYTHONPATH'] = os.pathsep.join(
            [str(tmp_path), repo_root] + ([env['PYTHONPATH']] if env.get('PYTHONPATH') else [])
        )

        code = (
            'import sys; '
            'sys.path.insert(0, %r); '
            'import pysnooper_utf8_b; '
            'pysnooper_utf8_b.f()'
        ) % (str(tmp_path),)

        proc = subprocess.run(
            [sys.executable, '-c', code],
            env=env,
            stdout=subprocess.PIPE,
            stderr=subprocess.PIPE,
            timeout=30.0,
        )

>       assert proc.returncode == 0, (
            'subprocess failed: rc=%r stdout=%r stderr=%r'
            % (proc.returncode, proc.stdout, proc.stderr)
        )
E       AssertionError: subprocess failed: rc=1 stdout=b'' stderr=b'Traceback (most recent call last):\n  File "<string>", line 1, in <module>\n  File "/Users/minhkha/SidePrj/katalon/poc/workspace/harness-pysnooper-buggy/PySnooper/pysnooper/tracer.py", line 215, in simple_wrapper\n    return function(*args, **kwargs)\n  File "/private/var/folders/1j/l08d1p2s6ls9235bnggg20rc0000gn/T/pytest-of-minhkha/pytest-398/test_utf8_source_line_under_c_0/pysnooper_utf8_b.py", line 4, in f\n    s = \'h\xc3\xa9llo\'\n  File "/private/var/folders/1j/l08d1p2s6ls9235bnggg20rc0000gn/T/pytest-of-minhkha/pytest-398/test_utf8_source_line_under_c_0/pysnooper_utf8_b.py", line 4, in f\n    s = \'h\xc3\xa9llo\'\n  File "/Users/minhkha/SidePrj/katalon/poc/workspace/harness-pysnooper-buggy/PySnooper/pysnooper/tracer.py", line 375, in trace\n    self.write(u\'{indent}{now_string} {thread_info}{event:9} \'\n  File "/Users/minhkha/SidePrj/katalon/poc/workspace/harness-pysnooper-buggy/PySnooper/pysnooper/tracer.py", line 242, in write\n    self._write(s)\n  File "/Users/minhkha/SidePrj/katalon/poc/workspace/harness-pysnooper-buggy/PySnooper/pysnooper/tracer.py", line 134, in write\n    output_file.write(s)\nUnicodeEncodeError: \'ascii\' codec can\'t encode character \'\\xe9\' in position 41: ordinal not in range(128)\n'
E       assert 1 == 0
E        +  where 1 = CompletedProcess(args=['/Users/minhkha/SidePrj/katalon/poc/workspace/harness-pysnooper-buggy/PySnooper/env39/bin/pytho...s)\nUnicodeEncodeError: \'ascii\' codec can\'t encode character \'\\xe9\' in position 41: ordinal not in range(128)\n').returncode

_generated_eval_conditional-h03-768b90f0a5-plan-2.py:52: AssertionError
=========================== short test summary info ============================
FAILED _generated_eval_conditional-h03-768b90f0a5-plan-2.py::test_utf8_source_line_under_c_locale
1 failed in 0.05s
