F                                                                        [100%]
=================================== FAILURES ===================================
___________ test_file_output_preserves_non_ascii_under_ascii_locale ____________

    def test_file_output_preserves_non_ascii_under_ascii_locale():
        # Precondition: default text encoding is ASCII under this locale.
        # If the environment does not actually yield an ASCII default encoding,
        # the hypothesis cannot be exercised, so skip rather than manufacture failure.
        import locale
        try:
            preferred = locale.getpreferredencoding(False)
        except Exception:
            preferred = None
        if preferred is None or preferred.lower().replace('-', '') not in ('ascii', 'usascii'):
            pytest.skip(
                'Default text encoding is %r, not ASCII; cannot exercise the '
                'non-UTF-8 locale precondition.' % (preferred,)
            )

        with tempfile.TemporaryDirectory(prefix='pysnooper_unicode_') as folder:
            path = os.path.join(folder, 'unicode_trace.log')
            assert not os.path.exists(path)

            @pysnooper.snoop(path)
            def my_function():
                value = 'caf\u00e9'
                return value

            # The decorated call must not raise UnicodeEncodeError before writing.
>           result = my_function()

_generated_eval_conditional-h01-e0c8bd3ab2-plan-1.py:40:
_ _ _ _ _ _ _ _ _ _ _ _ _ _ _ _ _ _ _ _ _ _ _ _ _ _ _ _ _ _ _ _ _ _ _ _ _ _ _ _
pysnooper/tracer.py:215: in simple_wrapper
    return function(*args, **kwargs)
_generated_eval_conditional-h01-e0c8bd3ab2-plan-1.py:37: in my_function
    return value
_generated_eval_conditional-h01-e0c8bd3ab2-plan-1.py:37: in my_function
    return value
pysnooper/tracer.py:317: in trace
    self.write('{indent}{newish_string}{name} = {value_repr}'.format(
pysnooper/tracer.py:242: in write
    self._write(s)
_ _ _ _ _ _ _ _ _ _ _ _ _ _ _ _ _ _ _ _ _ _ _ _ _ _ _ _ _ _ _ _ _ _ _ _ _ _ _ _

self = <pysnooper.tracer.FileWriter object at 0x105f05820>
s = "New var:....... value = 'caf\xe9'\\n"

    def write(self, s):
        with open(self.path, 'w' if self.overwrite else 'a') as output_file:
>           output_file.write(s)
E           UnicodeEncodeError: 'ascii' codec can't encode character '\xe9' in position 28: ordinal not in range(128)

pysnooper/tracer.py:134: UnicodeEncodeError
=============================== warnings summary ===============================
pysnooper/variables.py:3
pysnooper/variables.py:3
  /Users/minhkha/SidePrj/katalon/poc/workspace/harness-pysnooper-buggy/PySnooper/pysnooper/variables.py:3: DeprecationWarning: Using or importing the ABCs from 'collections' instead of from 'collections.abc' is deprecated since Python 3.3, and in 3.10 it will stop working
    from collections import Mapping, Sequence

-- Docs: https://docs.pytest.org/en/stable/how-to/capture-warnings.html
=========================== short test summary info ============================
FAILED _generated_eval_conditional-h01-e0c8bd3ab2-plan-1.py::test_file_output_preserves_non_ascii_under_ascii_locale
1 failed, 2 warnings in 0.03s
