F                                                                        [100%]
=================================== FAILURES ===================================
______________ test_non_ascii_append_preserved_under_ascii_locale ______________

    def test_non_ascii_append_preserved_under_ascii_locale():
        tmpdir = tempfile.mkdtemp()
        path = os.path.join(tmpdir, 'append_trace.log')
        with open(path, 'w') as f:
            f.write('lala')

        @pysnooper.snoop(path)
        def my_function():
            value = 'na\u00efve'
            return value

>       result = my_function()

_generated_eval_conditional-h01-e0c8bd3ab2-plan-2.py:23:
_ _ _ _ _ _ _ _ _ _ _ _ _ _ _ _ _ _ _ _ _ _ _ _ _ _ _ _ _ _ _ _ _ _ _ _ _ _ _ _
pysnooper/tracer.py:215: in simple_wrapper
    return function(*args, **kwargs)
_generated_eval_conditional-h01-e0c8bd3ab2-plan-2.py:21: in my_function
    return value
_generated_eval_conditional-h01-e0c8bd3ab2-plan-2.py:21: in my_function
    return value
pysnooper/tracer.py:317: in trace
    self.write('{indent}{newish_string}{name} = {value_repr}'.format(
pysnooper/tracer.py:242: in write
    self._write(s)
_ _ _ _ _ _ _ _ _ _ _ _ _ _ _ _ _ _ _ _ _ _ _ _ _ _ _ _ _ _ _ _ _ _ _ _ _ _ _ _

self = <pysnooper.tracer.FileWriter object at 0x105d31370>
s = "New var:....... value = 'na\xefve'\\n"

    def write(self, s):
        with open(self.path, 'w' if self.overwrite else 'a') as output_file:
>           output_file.write(s)
E           UnicodeEncodeError: 'ascii' codec can't encode character '\xef' in position 27: ordinal not in range(128)

pysnooper/tracer.py:134: UnicodeEncodeError
=============================== warnings summary ===============================
pysnooper/variables.py:3
pysnooper/variables.py:3
  /Users/minhkha/SidePrj/katalon/poc/workspace/harness-pysnooper-buggy/PySnooper/pysnooper/variables.py:3: DeprecationWarning: Using or importing the ABCs from 'collections' instead of from 'collections.abc' is deprecated since Python 3.3, and in 3.10 it will stop working
    from collections import Mapping, Sequence

-- Docs: https://docs.pytest.org/en/stable/how-to/capture-warnings.html
=========================== short test summary info ============================
FAILED _generated_eval_conditional-h01-e0c8bd3ab2-plan-2.py::test_non_ascii_append_preserved_under_ascii_locale
1 failed, 2 warnings in 0.03s
