F                                                                        [100%]
=================================== FAILURES ===================================
__________ test_file_output_append_non_ascii_repr_under_ascii_locale ___________

    def test_file_output_append_non_ascii_repr_under_ascii_locale():
        os.makedirs(TARGET_DIR, exist_ok=True)
        with open(TARGET_PATH, "w") as f:
            f.write("lala")

        script = textwrap.dedent(
            '''
            import sys
            import pysnooper

            @pysnooper.snoop("/tmp/pysnooper_plan2/foo.log")
            def my_function():
                name = "na\\u00efve"
                return name

            result = my_function()
            sys.stdout.write(repr(result))
            '''
        )

        env = dict(os.environ)
        env["LC_ALL"] = "C"
        env["PYTHONUTF8"] = "0"
        env["PYTHONCOERCECLOCALE"] = "0"

        proc = subprocess.run(
            [sys.executable, "-c", script],
            env=env,
            stdout=subprocess.PIPE,
            stderr=subprocess.PIPE,
            timeout=30.0,
        )

>       assert proc.returncode == 0, (
            "decorated call failed under ASCII locale: "
            + proc.stderr.decode("utf-8", "replace")
        )
E       AssertionError: decorated call failed under ASCII locale: Traceback (most recent call last):
E           File "<string>", line 11, in <module>
E         UnicodeEncodeError: 'ascii' codec can't encode character '\xef' in position 3: ordinal not in range(128)
E
E       assert 1 == 0
E        +  where 1 = CompletedProcess(args=['/Users/minhkha/SidePrj/katalon/poc/workspace/harness-pysnooper-fixed/PySnooper/env39/bin/pytho...le>\nUnicodeEncodeError: \'ascii\' codec can\'t encode character \'\\xef\' in position 3: ordinal not in range(128)\n').returncode

_generated_eval_conditional-h04-a9ae48b9d8-plan-2.py:54: AssertionError
=========================== short test summary info ============================
FAILED _generated_eval_conditional-h04-a9ae48b9d8-plan-2.py::test_file_output_append_non_ascii_repr_under_ascii_locale
1 failed in 0.05s
