F                                                                        [100%]
=================================== FAILURES ===================================
___________ test_file_output_preserves_non_ascii_under_ascii_locale ____________

    def test_file_output_preserves_non_ascii_under_ascii_locale():
        # Ensure the default text encoding is ASCII in this process.
        # If the environment cannot provide an ASCII default encoding, the
        # precondition of the hypothesis is not met, so skip rather than
        # manufacture a failure.
        import locale
        try:
            preferred = locale.getpreferredencoding(False)
        except Exception:
            preferred = None
        if preferred is not None and preferred.lower().replace('-', '') not in ('ascii', 'usascii'):
            pytest.skip(
                'Default text encoding is %r, not ASCII; precondition not met.'
                % (preferred,)
            )

        import pysnooper

        with tempfile.TemporaryDirectory() as tmpdir:
            path = os.path.join(tmpdir, 'overwrite_trace.log')
            assert not os.path.exists(path)

            @pysnooper.snoop(path, overwrite=True)
            def my_function():
                value = '\u65e5\u672c\u8a9e'
                return value

            # First call writes the trace.
>           result1 = my_function()

_generated_eval_conditional-h01-e0c8bd3ab2-plan-3.py:41:
_ _ _ _ _ _ _ _ _ _ _ _ _ _ _ _ _ _ _ _ _ _ _ _ _ _ _ _ _ _ _ _ _ _ _ _ _ _ _ _
pysnooper/tracer.py:215: in simple_wrapper
    return function(*args, **kwargs)
_generated_eval_conditional-h01-e0c8bd3ab2-plan-3.py:38: in my_function
    return value
_generated_eval_conditional-h01-e0c8bd3ab2-plan-3.py:38: in my_function
    return value
pysnooper/tracer.py:317: in trace
    self.write('{indent}{newish_string}{name} = {value_repr}'.format(
pysnooper/tracer.py:242: in write
    self._write(s)
_ _ _ _ _ _ _ _ _ _ _ _ _ _ _ _ _ _ _ _ _ _ _ _ _ _ _ _ _ _ _ _ _ _ _ _ _ _ _ _

self = <pysnooper.tracer.FileWriter object at 0x1035fe8b0>
s = "New var:....... value = '\u65e5\u672c\u8a9e'\\n"

    def write(self, s):
        with open(self.path, 'w' if self.overwrite else 'a') as output_file:
>           output_file.write(s)
E           UnicodeEncodeError: 'ascii' codec can't encode characters in position 25-27: ordinal not in range(128)

pysnooper/tracer.py:134: UnicodeEncodeError
=============================== warnings summary ===============================
_generated_eval_conditional-h01-e0c8bd3ab2-plan-3.py::test_file_output_preserves_non_ascii_under_ascii_locale
_generated_eval_conditional-h01-e0c8bd3ab2-plan-3.py::test_file_output_preserves_non_ascii_under_ascii_locale
  /Users/minhkha/SidePrj/katalon/poc/workspace/harness-pysnooper-buggy/PySnooper/pysnooper/variables.py:3: DeprecationWarning: Using or importing the ABCs from 'collections' instead of from 'collections.abc' is deprecated since Python 3.3, and in 3.10 it will stop working
    from collections import Mapping, Sequence

-- Docs: https://docs.pytest.org/en/stable/how-to/capture-warnings.html
=========================== short test summary info ============================
FAILED _generated_eval_conditional-h01-e0c8bd3ab2-plan-3.py::test_file_output_preserves_non_ascii_under_ascii_locale
1 failed, 2 warnings in 0.03s
