F                                                                        [100%]
=================================== FAILURES ===================================
________________ test_file_output_non_ascii_under_ascii_locale _________________

    def test_file_output_non_ascii_under_ascii_locale():
        """
        Verify that PySnooper's file-output path writes non-ASCII trace content
        correctly even when the default text encoding is ASCII (LC_ALL=C, PYTHONUTF8=0).
        """
        script = textwrap.dedent(
            '''
            import os
            import sys
            import tempfile
            import pysnooper

            def main():
                fd, path = tempfile.mkstemp()
                os.close(fd)
                os.unlink(path)

                @pysnooper.snoop(path)
                def foo():
                    x = "caf\u00e9"
                    return 42

                result = foo()
                assert result == 42, f"Expected 42, got {result!r}"
                assert os.path.exists(path), f"Trace file {path!r} was not created"
                with open(path, "r", encoding="utf-8") as f:
                    content = f.read()
                assert "caf\u00e9" in content, f"Non-ASCII value not found in trace: {content!r}"
                os.unlink(path)

            if __name__ == "__main__":
                main()
            '''
        )

        env = os.environ.copy()
        env["LC_ALL"] = "C"
        env["LANG"] = "C"
        env["PYTHONUTF8"] = "0"
        env["PYTHONIOENCODING"] = "ascii"

        proc = subprocess.run(
            [sys.executable, "-c", script],
            env=env,
            capture_output=True,
            text=True,
        )

>       assert proc.returncode == 0, (
            f"Subprocess failed with return code {proc.returncode}.\n"
            f"stdout: {proc.stdout}\n"
            f"stderr: {proc.stderr}"
        )
E       AssertionError: Subprocess failed with return code 1.
E         stdout:
E         stderr: Traceback (most recent call last):
E           File "<string>", line 26, in <module>
E           File "<string>", line 17, in main
E           File "/Users/minhkha/SidePrj/katalon/poc/workspace/harness-pysnooper-buggy/PySnooper/pysnooper/tracer.py", line 215, in simple_wrapper
E             return function(*args, **kwargs)
E           File "<string>", line 15, in foo
E           File "<string>", line 15, in foo
E           File "/Users/minhkha/SidePrj/katalon/poc/workspace/harness-pysnooper-buggy/PySnooper/pysnooper/tracer.py", line 317, in trace
E             self.write('{indent}{newish_string}{name} = {value_repr}'.format(
E           File "/Users/minhkha/SidePrj/katalon/poc/workspace/harness-pysnooper-buggy/PySnooper/pysnooper/tracer.py", line 242, in write
E             self._write(s)
E           File "/Users/minhkha/SidePrj/katalon/poc/workspace/harness-pysnooper-buggy/PySnooper/pysnooper/tracer.py", line 134, in write
E             output_file.write(s)
E         UnicodeEncodeError: 'ascii' codec can't encode character '\xe9' in position 24: ordinal not in range(128)
E
E       assert 1 == 0
E        +  where 1 = CompletedProcess(args=['/Users/minhkha/SidePrj/katalon/poc/workspace/harness-pysnooper-buggy/PySnooper/env39/bin/pytho...s)\nUnicodeEncodeError: \'ascii\' codec can\'t encode character \'\\xe9\' in position 24: ordinal not in range(128)\n').returncode

_generated_eval_conditional-h04-a9ae48b9d8-direct.py:56: AssertionError
=========================== short test summary info ============================
FAILED _generated_eval_conditional-h04-a9ae48b9d8-direct.py::test_file_output_non_ascii_under_ascii_locale
1 failed in 0.06s
