F                                                                        [100%]
=================================== FAILURES ===================================
___________________ test_non_ascii_prefix_with_ascii_stderr ____________________

s = "caf\xe9 Starting var:.. s = 'caf\xe9'\\n"

    def write(s):
        stderr = sys.stderr
        try:
>           stderr.write(s)
E           UnicodeEncodeError: 'ascii' codec can't encode character '\xe9' in position 3: ordinal not in range(128)

pysnooper/tracer.py:113: UnicodeEncodeError

During handling of the above exception, another exception occurred:

    def test_non_ascii_prefix_with_ascii_stderr():
        """
        Frozen hypothesis: When a decorated function is called with a non-ASCII
        string argument, PySnooper's default stderr output path can raise
        UnicodeEncodeError because the default write function writes directly to
        sys.stderr without encoding fallback, causing the decorated function call
        to fail instead of returning its normal result.

        Trigger plan:
          - Replace sys.stderr with an ascii TextIOWrapper over a BytesIO buffer.
          - Define h(s) returning s, decorated with @pysnooper.snoop(prefix='caf\u00e9 ').
          - Call h('caf\u00e9').
          - Assert result == 'caf\u00e9' and no UnicodeEncodeError propagates.
        """
        original_stderr = sys.stderr
        buffer = io.BytesIO()
        ascii_stderr = io.TextIOWrapper(buffer, encoding='ascii', errors='strict')
        sys.stderr = ascii_stderr
        try:
            @pysnooper.snoop(prefix='caf\u00e9 ')
            def h(s):
                return s

>           result = h('caf\u00e9')

_generated_eval_conditional-h02-c19fcca1ca-plan-3.py:32:
_ _ _ _ _ _ _ _ _ _ _ _ _ _ _ _ _ _ _ _ _ _ _ _ _ _ _ _ _ _ _ _ _ _ _ _ _ _ _ _
pysnooper/tracer.py:218: in simple_wrapper
    return function(*args, **kwargs)
_generated_eval_conditional-h02-c19fcca1ca-plan-3.py:28: in h
    @pysnooper.snoop(prefix='caf\u00e9 ')
pysnooper/tracer.py:320: in trace
    self.write('{indent}{newish_string}{name} = {value_repr}'.format(
pysnooper/tracer.py:245: in write
    self._write(s)
_ _ _ _ _ _ _ _ _ _ _ _ _ _ _ _ _ _ _ _ _ _ _ _ _ _ _ _ _ _ _ _ _ _ _ _ _ _ _ _

s = "caf\xe9 Starting var:.. s = 'caf\xe9'\\n"

    def write(s):
        stderr = sys.stderr
        try:
            stderr.write(s)
        except UnicodeEncodeError:
            # God damn Python 2
>           stderr.write(utils.shitcode(s))
E           UnicodeEncodeError: 'ascii' codec can't encode character '\xe9' in position 3: ordinal not in range(128)

pysnooper/tracer.py:116: UnicodeEncodeError
=============================== warnings summary ===============================
pysnooper/variables.py:3
pysnooper/variables.py:3
  /Users/minhkha/SidePrj/katalon/poc/workspace/harness-pysnooper-fixed/PySnooper/pysnooper/variables.py:3: DeprecationWarning: Using or importing the ABCs from 'collections' instead of from 'collections.abc' is deprecated since Python 3.3, and in 3.10 it will stop working
    from collections import Mapping, Sequence

-- Docs: https://docs.pytest.org/en/stable/how-to/capture-warnings.html
=========================== short test summary info ============================
FAILED _generated_eval_conditional-h02-c19fcca1ca-plan-3.py::test_non_ascii_prefix_with_ascii_stderr
1 failed, 2 warnings in 0.03s
