F                                                                        [100%]
=================================== FAILURES ===================================
___________ test_file_output_preserves_non_ascii_under_ascii_locale ____________

tmp_path = PosixPath('/private/var/folders/1j/l08d1p2s6ls9235bnggg20rc0000gn/T/pytest-of-minhkha/pytest-382/test_file_output_preserves_non0')

    def test_file_output_preserves_non_ascii_under_ascii_locale(tmp_path):
        """
        Frozen hypothesis: PySnooper's FileWriter.write opens the output path
        without an explicit encoding, so under a non-UTF-8 default text encoding
        (LC_ALL=C, PYTHONUTF8=0, PYTHONCOERCECLOCALE=0) writing a trace that
        contains a non-ASCII variable repr can fail or corrupt the trace.

        Trigger plan: create a temporary output path, decorate a function that
        assigns a non-ASCII string local with @pysnooper.snoop(path), run the
        function under a non-UTF-8 default text encoding, then read the file back
        as UTF-8 and assert the non-ASCII value appears.
        """
        output_path = tmp_path / 'snoop.log'

        script = textwrap.dedent(
            '''
            import sys
            import pysnooper

            path = sys.argv[1]

            @pysnooper.snoop(path)
            def my_function():
                value = {value!r}
                return value

            my_function()
            '''
        ).format(value=NON_ASCII_VALUE)

        script_path = tmp_path / 'run_snoop.py'
        script_path.write_text(script, encoding='utf-8')

        env = dict(os.environ)
        env['LC_ALL'] = 'C'
        env['LANG'] = 'C'
        env['PYTHONUTF8'] = '0'
        env['PYTHONCOERCECLOCALE'] = '0'
        env['PYTHONIOENCODING'] = 'ascii'

        completed = subprocess.run(
            [sys.executable, str(script_path), str(output_path)],
            env=env,
            stdout=subprocess.PIPE,
            stderr=subprocess.PIPE,
        )

        stderr_text = completed.stderr.decode('utf-8', 'replace')

>       assert completed.returncode == 0, (
            'Tracing to a filesystem path failed under a non-UTF-8 default '
            'text encoding. stderr was:\n' + stderr_text
        )
E       AssertionError: Tracing to a filesystem path failed under a non-UTF-8 default text encoding. stderr was:
E         Traceback (most recent call last):
E           File "/private/var/folders/1j/l08d1p2s6ls9235bnggg20rc0000gn/T/pytest-of-minhkha/pytest-382/test_file_output_preserves_non0/run_snoop.py", line 12, in <module>
E             my_function()
E           File "/Users/minhkha/SidePrj/katalon/poc/workspace/harness-pysnooper-buggy/PySnooper/pysnooper/tracer.py", line 215, in simple_wrapper
E             return function(*args, **kwargs)
E           File "/private/var/folders/1j/l08d1p2s6ls9235bnggg20rc0000gn/T/pytest-of-minhkha/pytest-382/test_file_output_preserves_non0/run_snoop.py", line 9, in my_function
E             value = 'h\xe9llo-\u4e16\u754c'
E           File "/private/var/folders/1j/l08d1p2s6ls9235bnggg20rc0000gn/T/pytest-of-minhkha/pytest-382/test_file_output_preserves_non0/run_snoop.py", line 9, in my_function
E             value = 'h\xe9llo-\u4e16\u754c'
E           File "/Users/minhkha/SidePrj/katalon/poc/workspace/harness-pysnooper-buggy/PySnooper/pysnooper/tracer.py", line 375, in trace
E             self.write(u'{indent}{now_string} {thread_info}{event:9} '
E           File "/Users/minhkha/SidePrj/katalon/poc/workspace/harness-pysnooper-buggy/PySnooper/pysnooper/tracer.py", line 242, in write
E             self._write(s)
E           File "/Users/minhkha/SidePrj/katalon/poc/workspace/harness-pysnooper-buggy/PySnooper/pysnooper/tracer.py", line 134, in write
E             output_file.write(s)
E         UnicodeEncodeError: 'ascii' codec can't encode character '\xe9' in position 45: ordinal not in range(128)
E
E       assert 1 == 0
E        +  where 1 = CompletedProcess(args=['/Users/minhkha/SidePrj/katalon/poc/workspace/harness-pysnooper-buggy/PySnooper/env39/bin/pytho...s)\nUnicodeEncodeError: \'ascii\' codec can\'t encode character \'\\xe9\' in position 45: ordinal not in range(128)\n').returncode

_generated_eval_conditional-h01-e0c8bd3ab2-trig-input-nonascii-local.py:61: AssertionError
=========================== short test summary info ============================
FAILED _generated_eval_conditional-h01-e0c8bd3ab2-trig-input-nonascii-local.py::test_file_output_preserves_non_ascii_under_ascii_locale
1 failed in 0.05s
