F                                                                        [100%]
=================================== FAILURES ===================================
________________ test_file_output_non_ascii_under_ascii_locale _________________

tmp_path = PosixPath('/private/var/folders/1j/l08d1p2s6ls9235bnggg20rc0000gn/T/pytest-of-minhkha/pytest-380/test_file_output_non_ascii_und0')

    def test_file_output_non_ascii_under_ascii_locale(tmp_path):
        """
        Frozen hypothesis: PySnooper's FileWriter.write opens the output file
        without an explicit encoding, so under a non-UTF-8 locale (LC_ALL=C,
        PYTHONUTF8=0, PYTHONCOERCECLOCALE=0) writing a trace containing a
        non-ASCII variable repr fails or corrupts the trace.

        Trigger plan: launch a subprocess with the forced non-UTF-8 locale,
        verify the default text encoding is ASCII, decorate a function that
        assigns a non-ASCII string local with @pysnooper.snoop(path), run it,
        then read the file back as UTF-8 and assert the non-ASCII value appears.
        """
        output_path = tmp_path / 'snoop.log'
        assert not output_path.exists()

        script = textwrap.dedent(
            '''
            import locale
            import sys

            # Precondition: the forced locale must yield an ASCII default
            # text encoding, otherwise the mechanism cannot be exercised.
            enc = locale.getpreferredencoding(False)
            assert enc.lower().replace('-', '') == 'ascii', (
                'expected ASCII default encoding, got %r' % (enc,)
            )

            import pysnooper

            @pysnooper.snoop(sys.argv[1])
            def my_function():
                value = u'\u00e9\u00e8\u00ea'  # non-ASCII: e-acute, e-grave, e-circumflex
                return value

            my_function()
            '''
        )

        env = dict(os.environ)
        env['LC_ALL'] = 'C'
        env['PYTHONUTF8'] = '0'
        env['PYTHONCOERCECLOCALE'] = '0'

        proc = subprocess.run(
            [sys.executable, '-c', script, str(output_path)],
            env=env,
            stdout=subprocess.PIPE,
            stderr=subprocess.PIPE,
        )

        # The trace must be written without a UnicodeEncodeError.
>       assert proc.returncode == 0, (
            'tracing subprocess failed under ASCII locale.\n'
            'stdout: %r\nstderr: %r' % (proc.stdout, proc.stderr)
        )
E       AssertionError: tracing subprocess failed under ASCII locale.
E         stdout: b''
E         stderr: b'Traceback (most recent call last):\n  File "<string>", line 8, in <module>\nAssertionError: expected ASCII default encoding, got \'US-ASCII\'\n'
E       assert 1 == 0
E        +  where 1 = CompletedProcess(args=['/Users/minhkha/SidePrj/katalon/poc/workspace/harness-pysnooper-buggy/PySnooper/env39/bin/pytho...l last):\n  File "<string>", line 8, in <module>\nAssertionError: expected ASCII default encoding, got \'US-ASCII\'\n').returncode

_generated_eval_conditional-h01-e0c8bd3ab2-trig-env-locale-forced.py:58: AssertionError
=========================== short test summary info ============================
FAILED _generated_eval_conditional-h01-e0c8bd3ab2-trig-env-locale-forced.py::test_file_output_non_ascii_under_ascii_locale
1 failed in 0.04s
